[root@localhost ~]# 

[root@localhost ~]# 


[root@localhost ~]# 
[root@localhost ~]# 
[root@localhost ~]# lsblk 
[root@localhost ~]# lsblk 
NAME   MAJ:MIN RM  SIZE RO TYPE MOUNTPOINT
sda      8:0    0   30G  0 disk 
+-sda1   8:1    0 1000M  0 part /boot
+-sda2   8:2    0 14.7G  0 part /
+-sda3   8:3    0    2G  0 part [SWAP]
sr0     11:0    1  6.6G  0 rom  /run/media/root/RHEL-8-0-0-BaseOS-x86_64
[root@localhost ~]# 
[root@localhost ~]# 
[root@localhost ~]# eject 
[root@localhost ~]# 















[root@localhost ~]# lsblk 
NAME   MAJ:MIN RM  SIZE RO TYPE MOUNTPOINT
sda      8:0    0   30G  0 disk 
+-sda1   8:1    0 1000M  0 part /boot
+-sda2   8:2    0 14.7G  0 part /
+-sda3   8:3    0    2G  0 part [SWAP]
sr0     11:0    1  6.6G  0 rom  
[root@localhost ~]# 
[root@localhost ~]# 
[root@localhost ~]# df -h
Filesystem      Size  Used Avail Use% Mounted on
devtmpfs        1.9G     0  1.9G   0% /dev
tmpfs           1.9G     0  1.9G   0% /dev/shm
tmpfs           1.9G  9.9M  1.9G   1% /run
tmpfs           1.9G     0  1.9G   0% /sys/fs/cgroup
/dev/sda2        15G  3.9G   11G  26% /
/dev/sda1       994M  165M  830M  17% /boot
tmpfs           376M   20K  376M   1% /run/user/42
tmpfs           376M  3.5M  373M   1% /run/user/0
[root@localhost ~]# 






[root@localhost ~]# 
[root@localhost ~]# 
[root@localhost ~]# free -h
              total        used        free      shared  buff/cache   available
Mem:          3.7Gi       1.2Gi       1.7Gi        17Mi       783Mi       2.2Gi
Swap:         2.0Gi          0B       2.0Gi
[root@localhost ~]# 
[root@localhost ~]# 
[root@localhost ~]# swapon -s  
Filename				Type		Size	Used	Priority
/dev/sda3                              	partition	2097148	0	-2
[root@localhost ~]# 
[root@localhost ~]# lsblk 













[root@localhost ~]# lsblk 
NAME   MAJ:MIN RM  SIZE RO TYPE MOUNTPOINT
sda      8:0    0   30G  0 disk 
+-sda1   8:1    0 1000M  0 part /boot
+-sda2   8:2    0 14.7G  0 part /
+-sda3   8:3    0    2G  0 part [SWAP]
sr0     11:0    1  6.6G  0 rom  
[root@localhost ~]# 
[root@localhost ~]# swapon -s  
Filename				Type		Size	Used	Priority
/dev/sda3                              	partition	2097148	0	-2
[root@localhost ~]# 














[root@localhost ~]# 
[root@localhost ~]# 
[root@localhost ~]# 
[root@localhost ~]# df -h
Filesystem      Size  Used Avail Use% Mounted on
devtmpfs        1.9G     0  1.9G   0% /dev
tmpfs           1.9G     0  1.9G   0% /dev/shm
tmpfs           1.9G  9.9M  1.9G   1% /run
tmpfs           1.9G     0  1.9G   0% /sys/fs/cgroup
/dev/sda2        15G  3.9G   11G  26% /
/dev/sda1       994M  165M  830M  17% /boot
tmpfs           376M   20K  376M   1% /run/user/42
tmpfs           376M  3.5M  373M   1% /run/user/0
[root@localhost ~]# 












[root@localhost ~]# 
[root@localhost ~]# 
[root@localhost ~]# free -h
              total        used        free      shared  buff/cache   available
Mem:          3.7Gi       1.2Gi       1.7Gi        17Mi       783Mi       2.2Gi
Swap:         2.0Gi          0B       2.0Gi
[root@localhost ~]# 
[root@localhost ~]# 
[root@localhost ~]# swapon -s  
Filename				Type		Size	Used	Priority
/dev/sda3                              	partition	2097148	0	-2
[root@localhost ~]# 
[root@localhost ~]# 
[root@localhost ~]# lsblk 
NAME   MAJ:MIN RM  SIZE RO TYPE MOUNTPOINT
sda      8:0    0   30G  0 disk 
+-sda1   8:1    0 1000M  0 part /boot
+-sda2   8:2    0 14.7G  0 part /
+-sda3   8:3    0    2G  0 part [SWAP]
sr0     11:0    1  6.6G  0 rom  
[root@localhost ~]# 





[root@localhost ~]# fdisk -l
Disk /dev/sda: 30 GiB, 32212254720 bytes, 62914560 sectors
Units: sectors of 1 * 512 = 512 bytes
Sector size (logical/physical): 512 bytes / 512 bytes
I/O size (minimum/optimal): 512 bytes / 512 bytes
Disklabel type: dos
Disk identifier: 0x8ccda7d4

Device     Boot    Start      End  Sectors  Size Id Type
/dev/sda1  *        2048  2050047  2048000 1000M 83 Linux
/dev/sda2        2050048 32770047 30720000 14.7G 83 Linux
/dev/sda3       32770048 36964351  4194304    2G 82 Linux swap / Solaris


[root@localhost ~]# 
[root@localhost ~]# lsblk 
NAME   MAJ:MIN RM  SIZE RO TYPE MOUNTPOINT
sda      8:0    0   30G  0 disk 
+-sda1   8:1    0 1000M  0 part /boot
+-sda2   8:2    0 14.7G  0 part /
+-sda3   8:3    0    2G  0 part [SWAP]
sr0     11:0    1  6.6G  0 rom  
[root@localhost ~]# 



[root@localhost ~]# 














[root@localhost ~]# history -c
[root@localhost ~]# 





















[root@localhost ~]# 
[root@localhost ~]# 
[root@localhost ~]# fdisk -l
Disk /dev/sda: 30 GiB, 32212254720 bytes, 62914560 sectors
Units: sectors of 1 * 512 = 512 bytes
Sector size (logical/physical): 512 bytes / 512 bytes
I/O size (minimum/optimal): 512 bytes / 512 bytes
Disklabel type: dos
Disk identifier: 0x8ccda7d4

Device     Boot    Start      End  Sectors  Size Id Type
/dev/sda1  *        2048  2050047  2048000 1000M 83 Linux
/dev/sda2        2050048 32770047 30720000 14.7G 83 Linux
/dev/sda3       32770048 36964351  4194304    2G 82 Linux swap / Solaris


[root@localhost ~]# 






[root@localhost ~]# 
[root@localhost ~]# lsblk  
NAME   MAJ:MIN RM  SIZE RO TYPE MOUNTPOINT
sda      8:0    0   30G  0 disk 
+-sda1   8:1    0 1000M  0 part /boot
+-sda2   8:2    0 14.7G  0 part /
+-sda3   8:3    0    2G  0 part [SWAP]
sdb      8:16   0    5G  0 disk 
sdc      8:32   0    5G  0 disk 
sr0     11:0    1  6.6G  0 rom  
[root@localhost ~]# 
[root@localhost ~]# fdisk -l 











[root@localhost ~]# fdisk -l 
Disk /dev/sda: 30 GiB, 32212254720 bytes, 62914560 sectors
Units: sectors of 1 * 512 = 512 bytes
Sector size (logical/physical): 512 bytes / 512 bytes
I/O size (minimum/optimal): 512 bytes / 512 bytes
Disklabel type: dos
Disk identifier: 0x8ccda7d4

Device     Boot    Start      End  Sectors  Size Id Type
/dev/sda1  *        2048  2050047  2048000 1000M 83 Linux
/dev/sda2        2050048 32770047 30720000 14.7G 83 Linux
/dev/sda3       32770048 36964351  4194304    2G 82 Linux swap / Solaris




Disk /dev/sdb: 5 GiB, 5368709120 bytes, 10485760 sectors
Units: sectors of 1 * 512 = 512 bytes
Sector size (logical/physical): 512 bytes / 512 bytes
I/O size (minimum/optimal): 512 bytes / 512 bytes


Disk /dev/sdc: 5 GiB, 5368709120 bytes, 10485760 sectors
Units: sectors of 1 * 512 = 512 bytes
Sector size (logical/physical): 512 bytes / 512 bytes
I/O size (minimum/optimal): 512 bytes / 512 bytes
[root@localhost ~]# 
[root@localhost ~]# 
[root@localhost ~]# 
[root@localhost ~]# 
[root@localhost ~]# fdisk -l  /dev/sdb 
Disk /dev/sdb: 5 GiB, 5368709120 bytes, 10485760 sectors
Units: sectors of 1 * 512 = 512 bytes
Sector size (logical/physical): 512 bytes / 512 bytes
I/O size (minimum/optimal): 512 bytes / 512 bytes
[root@localhost ~]# fdisk -l  /dev/sdc
Disk /dev/sdc: 5 GiB, 5368709120 bytes, 10485760 sectors
Units: sectors of 1 * 512 = 512 bytes
Sector size (logical/physical): 512 bytes / 512 bytes
I/O size (minimum/optimal): 512 bytes / 512 bytes
[root@localhost ~]# 
[root@localhost ~]# parted  /dev/sdb print
Error: /dev/sdb: unrecognised disk label
Model: ATA VMware Virtual S (scsi)                                        
Disk /dev/sdb: 5369MB
Sector size (logical/physical): 512B/512B
Partition Table: unknown
Disk Flags: 
[root@localhost ~]# 

[root@localhost ~]# 
[root@localhost ~]# 
[root@localhost ~]# 




















[root@localhost ~]# 
[root@localhost ~]# 
[root@localhost ~]# fdisk  /dev/sdb




















[root@localhost ~]# fdisk  /dev/sdb

Welcome to fdisk (util-linux 2.32.1).
Changes will remain in memory only, until you decide to write them.
Be careful before using the write command.

Device does not contain a recognized partition table.
Created a new DOS disklabel with disk identifier 0xfe10c424.

Command (m for help): n
Partition type
   p   primary (0 primary, 0 extended, 4 free)
   e   extended (container for logical partitions)
Select (default p): p
Partition number (1-4, default 1): 1
First sector (2048-10485759, default 2048): 
Last sector, +sectors or +size{K,M,G,T,P} (2048-10485759, default 10485759): +2G

Created a new partition 1 of type 'Linux' and of size 2 GiB.

Command (m for help): p
Disk /dev/sdb: 5 GiB, 5368709120 bytes, 10485760 sectors
Units: sectors of 1 * 512 = 512 bytes
Sector size (logical/physical): 512 bytes / 512 bytes
I/O size (minimum/optimal): 512 bytes / 512 bytes
Disklabel type: dos
Disk identifier: 0xfe10c424

Device     Boot Start     End Sectors Size Id Type
/dev/sdb1        2048 4196351 4194304   2G 83 Linux

Command (m for help): F
Unpartitioned space /dev/sdb: 3 GiB, 3220176896 bytes, 6289408 sectors
Units: sectors of 1 * 512 = 512 bytes
Sector size (logical/physical): 512 bytes / 512 bytes

  Start      End Sectors Size
4196352 10485759 6289408   3G

Command (m for help): n
Partition type
   p   primary (1 primary, 0 extended, 3 free)
   e   extended (container for logical partitions)
Select (default p): p
Partition number (2-4, default 2): 2
First sector (4196352-10485759, default 4196352): 
Last sector, +sectors or +size{K,M,G,T,P} (4196352-10485759, default 10485759): 

Created a new partition 2 of type 'Linux' and of size 3 GiB.

Command (m for help): p
Disk /dev/sdb: 5 GiB, 5368709120 bytes, 10485760 sectors
Units: sectors of 1 * 512 = 512 bytes
Sector size (logical/physical): 512 bytes / 512 bytes
I/O size (minimum/optimal): 512 bytes / 512 bytes
Disklabel type: dos
Disk identifier: 0xfe10c424

Device     Boot   Start      End Sectors Size Id Type
/dev/sdb1          2048  4196351 4194304   2G 83 Linux
/dev/sdb2       4196352 10485759 6289408   3G 83 Linux

Command (m for help): F
Unpartitioned space /dev/sdb: 0 B, 0 bytes, 0 sectors
Units: sectors of 1 * 512 = 512 bytes
Sector size (logical/physical): 512 bytes / 512 bytes

Command (m for help): w
The partition table has been altered.
Calling ioctl() to re-read partition table.
Syncing disks.

[root@localhost ~]# 
[root@localhost ~]# partprobe   /dev/sdb 
[root@localhost ~]# 
[root@localhost ~]# fdisk -l  /dev/sdb 
[root@localhost ~]# fdisk -l  /dev/sdb 
Disk /dev/sdb: 5 GiB, 5368709120 bytes, 10485760 sectors
Units: sectors of 1 * 512 = 512 bytes
Sector size (logical/physical): 512 bytes / 512 bytes
I/O size (minimum/optimal): 512 bytes / 512 bytes
Disklabel type: dos
Disk identifier: 0xfe10c424

Device     Boot   Start      End Sectors Size Id Type
/dev/sdb1          2048  4196351 4194304   2G 83 Linux
/dev/sdb2       4196352 10485759 6289408   3G 83 Linux
[root@localhost ~]# 
[root@localhost ~]# 
[root@localhost ~]# mkfs.xfs  /dev/sdb1
meta-data=/dev/sdb1              isize=512    agcount=4, agsize=131072 blks
         =                       sectsz=512   attr=2, projid32bit=1
         =                       crc=1        finobt=1, sparse=1, rmapbt=0
         =                       reflink=1
data     =                       bsize=4096   blocks=524288, imaxpct=25
         =                       sunit=0      swidth=0 blks
naming   =version 2              bsize=4096   ascii-ci=0, ftype=1
log      =internal log           bsize=4096   blocks=2560, version=2
         =                       sectsz=512   sunit=0 blks, lazy-count=1
realtime =none                   extsz=4096   blocks=0, rtextents=0
[root@localhost ~]# mkfs.xfs  /dev/sdb2
meta-data=/dev/sdb2              isize=512    agcount=4, agsize=196544 blks
         =                       sectsz=512   attr=2, projid32bit=1
         =                       crc=1        finobt=1, sparse=1, rmapbt=0
         =                       reflink=1
data     =                       bsize=4096   blocks=786176, imaxpct=25
         =                       sunit=0      swidth=0 blks
naming   =version 2              bsize=4096   ascii-ci=0, ftype=1
log      =internal log           bsize=4096   blocks=2560, version=2
         =                       sectsz=512   sunit=0 blks, lazy-count=1
realtime =none                   extsz=4096   blocks=0, rtextents=0
[root@localhost ~]# 
[root@localhost ~]# 
[root@localhost ~]# 
[root@localhost ~]# 
[root@localhost ~]# mkdir  /data-1
[root@localhost ~]# mkdir  /data-2
[root@localhost ~]# 
[root@localhost ~]# 
[root@localhost ~]# mount  /dev/sdb1  /data-1
[root@localhost ~]# 
[root@localhost ~]# mount  /dev/sdb2  /data-2
[root@localhost ~]# 
[root@localhost ~]# lsblk -f
[root@localhost ~]# lsblk -f
NAME   FSTYPE LABEL UUID                                 MOUNTPOINT
sda                                                      
+-sda1 xfs          0cdaa421-adac-40a4-a500-c4200f41de31 /boot
+-sda2 xfs          19258060-9d15-4767-8b9b-d2ba2ecb3b2e /
+-sda3 swap         faf430ea-3393-4296-aea8-d5934c8cb668 [SWAP]
sdb                                                      
+-sdb1 xfs          2fc9bffa-0cb1-443f-8993-0721250ec78f /data-1
+-sdb2 xfs          a8bbafbc-4c37-443c-ad66-23b929352d11 /data-2
sdc                                                      
sr0                                                      
[root@localhost ~]# 
[root@localhost ~]# 
[root@localhost ~]# 
[root@localhost ~]# 








[root@localhost ~]# lsblk
NAME   MAJ:MIN RM  SIZE RO TYPE MOUNTPOINT
sda      8:0    0   30G  0 disk 
+-sda1   8:1    0 1000M  0 part /boot
+-sda2   8:2    0 14.7G  0 part /
+-sda3   8:3    0    2G  0 part [SWAP]
sdb      8:16   0    5G  0 disk 
+-sdb1   8:17   0    2G  0 part /data-1
+-sdb2   8:18   0    3G  0 part /data-2
sdc      8:32   0    5G  0 disk 
sr0     11:0    1  6.6G  0 rom  
[root@localhost ~]# 
[root@localhost ~]# 










[root@localhost ~]# fdisk -l
Disk /dev/sda: 30 GiB, 32212254720 bytes, 62914560 sectors
Units: sectors of 1 * 512 = 512 bytes
Sector size (logical/physical): 512 bytes / 512 bytes
I/O size (minimum/optimal): 512 bytes / 512 bytes
Disklabel type: dos
Disk identifier: 0x8ccda7d4

Device     Boot    Start      End  Sectors  Size Id Type
/dev/sda1  *        2048  2050047  2048000 1000M 83 Linux
/dev/sda2        2050048 32770047 30720000 14.7G 83 Linux
/dev/sda3       32770048 36964351  4194304    2G 82 Linux swap / Solaris




Disk /dev/sdb: 5 GiB, 5368709120 bytes, 10485760 sectors
Units: sectors of 1 * 512 = 512 bytes
Sector size (logical/physical): 512 bytes / 512 bytes
I/O size (minimum/optimal): 512 bytes / 512 bytes
Disklabel type: dos
Disk identifier: 0xfe10c424

Device     Boot   Start      End Sectors Size Id Type
/dev/sdb1          2048  4196351 4194304   2G 83 Linux
/dev/sdb2       4196352 10485759 6289408   3G 83 Linux


Disk /dev/sdc: 5 GiB, 5368709120 bytes, 10485760 sectors
Units: sectors of 1 * 512 = 512 bytes
Sector size (logical/physical): 512 bytes / 512 bytes
I/O size (minimum/optimal): 512 bytes / 512 bytes
[root@localhost ~]# 
[root@localhost ~]# 
[root@localhost ~]# 
[root@localhost ~]# parted /dev/sdc  print
Error: /dev/sdc: unrecognised disk label
Model: ATA VMware Virtual S (scsi)                                        
Disk /dev/sdc: 5369MB
Sector size (logical/physical): 512B/512B
Partition Table: unknown
Disk Flags: 
[root@localhost ~]# parted  /dev/sdc  mklabel  msdos  
Information: You may need to update /etc/fstab.

[root@localhost ~]#                                                       
[root@localhost ~]# parted /dev/sdc  print
Model: ATA VMware Virtual S (scsi)
Disk /dev/sdc: 5369MB
Sector size (logical/physical): 512B/512B
Partition Table: msdos
Disk Flags: 

Number  Start  End  Size  Type  File system  Flags

[root@localhost ~]# fdisk -l  /dev/sdc  
Disk /dev/sdc: 5 GiB, 5368709120 bytes, 10485760 sectors
Units: sectors of 1 * 512 = 512 bytes
Sector size (logical/physical): 512 bytes / 512 bytes
I/O size (minimum/optimal): 512 bytes / 512 bytes
Disklabel type: dos
Disk identifier: 0x025901e5
[root@localhost ~]# 
[root@localhost ~]# 
[root@localhost ~]# parted   /dev/sdc 
GNU Parted 3.2
Using /dev/sdc
Welcome to GNU Parted! Type 'help' to view a list of commands.
(parted) help                                                             
  align-check TYPE N                        check partition N for TYPE(min|opt) alignment
  help [COMMAND]                           print general help, or help on COMMAND
  mklabel,mktable LABEL-TYPE               create a new disklabel (partition table)
  mkpart PART-TYPE [FS-TYPE] START END     make a partition
  name NUMBER NAME                         name partition NUMBER as NAME
  print [devices|free|list,all|NUMBER]     display the partition table, available devices,
        free space, all found partitions, or a particular partition
  quit                                     exit program
  rescue START END                         rescue a lost partition near START and END
  resizepart NUMBER END                    resize partition NUMBER
  rm NUMBER                                delete partition NUMBER
  select DEVICE                            choose the device to edit
  disk_set FLAG STATE                      change the FLAG on selected device
  disk_toggle [FLAG]                       toggle the state of FLAG on selected device
  set NUMBER FLAG STATE                    change the FLAG on partition NUMBER
  toggle [NUMBER [FLAG]]                   toggle the state of FLAG on partition NUMBER
  unit UNIT                                set the default unit to UNIT
  version                                  display the version number and copyright
        information of GNU Parted
(parted)                                                                  
(parted) mkpart
Partition type?  primary/extended? primary                                
File system type?  [ext2]? xfs                                            
Start? 2048s                                                              
End? 1024MB                                                               
(parted)                                                                  
(parted) print                                                            
Model: ATA VMware Virtual S (scsi)
Disk /dev/sdc: 5369MB
Sector size (logical/physical): 512B/512B
Partition Table: msdos
Disk Flags: 

Number  Start   End     Size    Type     File system  Flags
 1      1049kB  1024MB  1023MB  primary  xfs          lba

(parted) quit                                                             
Information: You may need to update /etc/fstab.

[root@localhost ~]#                                                       
[root@localhost ~]# udevadm settle 
[root@localhost ~]# 

[root@localhost ~]# fdisk -l  /dev/sdc
Disk /dev/sdc: 5 GiB, 5368709120 bytes, 10485760 sectors
Units: sectors of 1 * 512 = 512 bytes
Sector size (logical/physical): 512 bytes / 512 bytes
I/O size (minimum/optimal): 512 bytes / 512 bytes
Disklabel type: dos
Disk identifier: 0x025901e5

Device     Boot Start     End Sectors  Size Id Type
/dev/sdc1        2048 2000895 1998848  976M 83 Linux
[root@localhost ~]# 
[root@localhost ~]# 
[root@localhost ~]# parted  /dev/sdc  print
Model: ATA VMware Virtual S (scsi)
Disk /dev/sdc: 5369MB
Sector size (logical/physical): 512B/512B
Partition Table: msdos
Disk Flags: 

Number  Start   End     Size    Type     File system  Flags
 1      1049kB  1024MB  1023MB  primary

[root@localhost ~]# 
[root@localhost ~]# parted  /dev/sdc 
[root@localhost ~]# parted  /dev/sdc 
GNU Parted 3.2
Using /dev/sdc
Welcome to GNU Parted! Type 'help' to view a list of commands.
(parted) print                                                            
Model: ATA VMware Virtual S (scsi)
Disk /dev/sdc: 5369MB
Sector size (logical/physical): 512B/512B
Partition Table: msdos
Disk Flags: 

Number  Start   End     Size    Type     File system  Flags
 1      1049kB  1024MB  1023MB  primary

(parted) mkpart                                                           
Partition type?  primary/extended? primary                                
File system type?  [ext2]? xfs                                            
Start? 1024MB                                                             
End? 2048MB                                                               
(parted)                                                                  
(parted) print                                                            


(parted) print
Model: ATA VMware Virtual S (scsi)
Disk /dev/sdc: 5369MB
Sector size (logical/physical): 512B/512B
Partition Table: msdos
Disk Flags: 

Number  Start   End     Size    Type     File system  Flags
 1      1049kB  1024MB  1023MB  primary
 2      1024MB  2048MB  1023MB  primary  xfs          lba

(parted) mkpart                                                           
Partition type?  primary/extended? primary                                
File system type?  [ext2]? xfs                                            
Start? 2048MB                                                             
End? 4096MB
(parted)                                                                  
(parted) print                                                            
Model: ATA VMware Virtual S (scsi)
Disk /dev/sdc: 5369MB
Sector size (logical/physical): 512B/512B
Partition Table: msdos
Disk Flags: 

Number  Start   End     Size    Type     File system  Flags
 1      1049kB  1024MB  1023MB  primary
 2      1024MB  2048MB  1023MB  primary  xfs          lba
 3      2048MB  4096MB  2048MB  primary  xfs          lba

(parted) quit                                                             
Information: You may need to update /etc/fstab.

[root@localhost ~]#                                                       
[root@localhost ~]# udevadm settle
[root@localhost ~]# 
[root@localhost ~]# 
[root@localhost ~]# 
[root@localhost ~]# 
[root@localhost ~]# mkfs.xfs  /dev/sdc1
meta-data=/dev/sdc1              isize=512    agcount=4, agsize=62464 blks
         =                       sectsz=512   attr=2, projid32bit=1
         =                       crc=1        finobt=1, sparse=1, rmapbt=0
         =                       reflink=1
data     =                       bsize=4096   blocks=249856, imaxpct=25
         =                       sunit=0      swidth=0 blks
naming   =version 2              bsize=4096   ascii-ci=0, ftype=1
log      =internal log           bsize=4096   blocks=1566, version=2
         =                       sectsz=512   sunit=0 blks, lazy-count=1
realtime =none                   extsz=4096   blocks=0, rtextents=0
[root@localhost ~]# mkfs.xfs  /dev/sdc2
meta-data=/dev/sdc2              isize=512    agcount=4, agsize=62464 blks
         =                       sectsz=512   attr=2, projid32bit=1
         =                       crc=1        finobt=1, sparse=1, rmapbt=0
         =                       reflink=1
data     =                       bsize=4096   blocks=249856, imaxpct=25
         =                       sunit=0      swidth=0 blks
naming   =version 2              bsize=4096   ascii-ci=0, ftype=1
log      =internal log           bsize=4096   blocks=1566, version=2
         =                       sectsz=512   sunit=0 blks, lazy-count=1
realtime =none                   extsz=4096   blocks=0, rtextents=0
[root@localhost ~]# mkfs.xfs  /dev/sdc3
meta-data=/dev/sdc3              isize=512    agcount=4, agsize=124992 blks
         =                       sectsz=512   attr=2, projid32bit=1
         =                       crc=1        finobt=1, sparse=1, rmapbt=0
         =                       reflink=1
data     =                       bsize=4096   blocks=499968, imaxpct=25
         =                       sunit=0      swidth=0 blks
naming   =version 2              bsize=4096   ascii-ci=0, ftype=1
log      =internal log           bsize=4096   blocks=2560, version=2
         =                       sectsz=512   sunit=0 blks, lazy-count=1
realtime =none                   extsz=4096   blocks=0, rtextents=0
[root@localhost ~]# 
[root@localhost ~]# 
[root@localhost ~]# mkdir  /data-3
[root@localhost ~]# mkdir  /data-4
[root@localhost ~]# mkdir  /data-5
[root@localhost ~]# 
[root@localhost ~]# mount /dev/sdc1 /data-3
[root@localhost ~]# mount /dev/sdc2 /data-4
[root@localhost ~]# mount /dev/sdc3 /data-5
[root@localhost ~]# 
[root@localhost ~]# 

=======================

How we can delete step by step

=======================
[root@localhost ~]# 
[root@localhost ~]# umount  /data-1
[root@localhost ~]# umount  /data-2
[root@localhost ~]# umount  /data-3
[root@localhost ~]# umount  /data-4
[root@localhost ~]# umount  /data-5
[root@localhost ~]# 
[root@localhost ~]# lsblk 
NAME   MAJ:MIN RM  SIZE RO TYPE MOUNTPOINT
sda      8:0    0   30G  0 disk 
+-sda1   8:1    0 1000M  0 part /boot
+-sda2   8:2    0 14.7G  0 part /
+-sda3   8:3    0    2G  0 part [SWAP]
sdb      8:16   0    5G  0 disk 
+-sdb1   8:17   0    2G  0 part 
+-sdb2   8:18   0    3G  0 part 
sdc      8:32   0    5G  0 disk 
+-sdc1   8:33   0  976M  0 part 
+-sdc2   8:34   0  976M  0 part 
+-sdc3   8:35   0  1.9G  0 part 
sr0     11:0    1  6.6G  0 rom  
[root@localhost ~]# 

[root@localhost ~]# fdisk  /dev/sdb

Welcome to fdisk (util-linux 2.32.1).
Changes will remain in memory only, until you decide to write them.
Be careful before using the write command.


Command (m for help): d
Partition number (1,2, default 2): 2

Partition 2 has been deleted.

Command (m for help): d
Selected partition 1
Partition 1 has been deleted.

Command (m for help): w
The partition table has been altered.
Calling ioctl() to re-read partition table.
Syncing disks.

[root@localhost ~]# partprobe   /dev/sdb 
[root@localhost ~]# 
[root@localhost ~]# 
[root@localhost ~]# lsblk  
NAME   MAJ:MIN RM  SIZE RO TYPE MOUNTPOINT
sda      8:0    0   30G  0 disk 
+-sda1   8:1    0 1000M  0 part /boot
+-sda2   8:2    0 14.7G  0 part /
+-sda3   8:3    0    2G  0 part [SWAP]
sdb      8:16   0    5G  0 disk 
sdc      8:32   0    5G  0 disk 
+-sdc1   8:33   0  976M  0 part 
+-sdc2   8:34   0  976M  0 part 
+-sdc3   8:35   0  1.9G  0 part 
sr0     11:0    1  6.6G  0 rom  
[root@localhost ~]# 
[root@localhost ~]# parted  /dev/sdc 









[root@localhost ~]# parted  /dev/sdc 
GNU Parted 3.2
Using /dev/sdc
Welcome to GNU Parted! Type 'help' to view a list of commands.
(parted) rm                                                               
Partition number? 3                                                       
(parted)                                                                  
(parted) print                                                            
Model: ATA VMware Virtual S (scsi)
Disk /dev/sdc: 5369MB
Sector size (logical/physical): 512B/512B
Partition Table: msdos
Disk Flags: 

Number  Start   End     Size    Type     File system  Flags
 1      1049kB  1024MB  1023MB  primary  xfs
 2      1024MB  2048MB  1023MB  primary  xfs

(parted) rm 2                                                             
(parted) rm 1
(parted)                                                                  
(parted) print                                                            
Model: ATA VMware Virtual S (scsi)
Disk /dev/sdc: 5369MB
Sector size (logical/physical): 512B/512B
Partition Table: msdos
Disk Flags: 

Number  Start  End  Size  Type  File system  Flags

(parted) quit                                                             
Information: You may need to update /etc/fstab.

[root@localhost ~]#                                                       
[root@localhost ~]# 
[root@localhost ~]# udevadm settle  
[root@localhost ~]# 
[root@localhost ~]# lsblk 
[root@localhost ~]# lsblk 
NAME   MAJ:MIN RM  SIZE RO TYPE MOUNTPOINT
sda      8:0    0   30G  0 disk 
+-sda1   8:1    0 1000M  0 part /boot
+-sda2   8:2    0 14.7G  0 part /
+-sda3   8:3    0    2G  0 part [SWAP]
sdb      8:16   0    5G  0 disk 
sdc      8:32   0    5G  0 disk 
sr0     11:0    1  6.6G  0 rom  
[root@localhost ~]# 
[root@localhost ~]# 




=================================

[root@localhost ~]# parted  /dev/sde   mklabel  msdos  mkpart primary  xfs  2048s 5369MB
Information: You may need to update /etc/fstab.

[root@localhost ~]#                                                       
[root@localhost ~]# parted  /dev/sde print
Model: ATA VMware Virtual S (scsi)
Disk /dev/sde: 5369MB
Sector size (logical/physical): 512B/512B
Partition Table: msdos
Disk Flags: 

Number  Start   End     Size    Type     File system  Flags
 1      1049kB  5369MB  5368MB  primary

[root@localhost ~]# 
[root@localhost ~]# udevadm settle 
[root@localhost ~]# 
[root@localhost ~]# mkfs.xfs  /dev/sde1
meta-data=/dev/sde1              isize=512    agcount=4, agsize=327616 blks
         =                       sectsz=512   attr=2, projid32bit=1
         =                       crc=1        finobt=1, sparse=1, rmapbt=0
         =                       reflink=1
data     =                       bsize=4096   blocks=1310464, imaxpct=25
         =                       sunit=0      swidth=0 blks
naming   =version 2              bsize=4096   ascii-ci=0, ftype=1
log      =internal log           bsize=4096   blocks=2560, version=2
         =                       sectsz=512   sunit=0 blks, lazy-count=1
realtime =none                   extsz=4096   blocks=0, rtextents=0
[root@localhost ~]# 
[root@localhost ~]# 

=================================
